Afrikaans;af;1078
Albanian;sq;1052
Amharic;am;1118
Arabic - Algeria;ar;5121
Arabic - Bahrain;ar;15361
Arabic - Egypt;ar;3073
Arabic - Iraq;ar;2049
Arabic - Jordan;ar;11265
Arabic - Kuwait;ar;13313
Arabic - Lebanon;ar;12289
Arabic - Libya;ar;4097
Arabic - Morocco;ar;6145
Arabic - Oman;ar;8193
Arabic - Qatar;ar;16385
Arabic - Saudi Arabia;ar;1025
Arabic - Syria;ar;10241
Arabic - Tunisia;ar;7169
Arabic - United Arab Emirates;ar;14337
Arabic - Yemen;ar;9217
Armenian;hy;1067
Assamese;as;1101
Azeri - Cyrillic;az;2092
Azeri - Latin;az;1068
Basque;eu;1069
Belarusian;be;1059
Bengali - Bangladesh;bn;2117
Bengali - India;bn;1093
Bosnian;bs;5146
Bulgarian;bg;1026
Burmese;my;1109
Catalan;ca;1027
Chinese - China;zh;2052
Chinese - Hong Kong SAR;zh;3076
Chinese - Macau SAR;zh;5124
Chinese - Singapore;zh;4100
Chinese - Taiwan;zh;1028
Croatian;hr;1050
Czech;cs;1029
Danish;da;1030
"Divehi; Dhivehi; Maldivian";dv;1125
Dutch - Belgium;nl;2067
Dutch - Netherlands;nl;1043
Edo;;1126
English - Australia;en;3081
English - Belize;en;10249
English - Canada;en;4105
English - Caribbean;en;9225
English - Great Britain;en;2057
English - India;en;16393
English - Ireland;en;6153
English - Jamaica;en;8201
English - New Zealand;en;5129
English - Phillippines;en;13321
English - Southern Africa;en;7177
English - Trinidad;en;11273
English - United States;en;1033
English - Zimbabwe;en;12297
Estonian;et;1061
Faroese;fo;1080
Farsi - Persian;fa;1065
Filipino;;1124
Finnish;fi;1035
French - Belgium;fr;2060
French - Cameroon;fr;11276
French - Canada;fr;3084
French - Congo;fr;9228
French - Cote d'Ivoire;fr;12300
French - France;fr;1036
French - Luxembourg;fr;5132
French - Mali;fr;13324
French - Monaco;fr;6156
French - Morocco;fr;14348
French - Senegal;fr;10252
French - Switzerland;fr;4108
French - West Indies;fr;7180
Frisian - Netherlands;;1122
FYRO Macedonia;mk;1071
Gaelic - Ireland;gd;2108
Gaelic - Scotland;gd;1084
Galician;gl;1110
Georgian;ka;1079
German - Austria;de;3079
German - Germany;de;1031
German - Liechtenstein;de;5127
German - Luxembourg;de;4103
German - Switzerland;de;2055
Greek;el;1032
Guarani - Paraguay;gn;1140
Gujarati;gu;1095
Hebrew;he;1037
HID (Human Interface Device);;1279
Hindi;hi;1081
Hungarian;hu;1038
Icelandic;is;1039
Igbo - Nigeria;;1136
Indonesian;id;1057
Italian - Italy;it;1040
Italian - Switzerland;it;2064
Japanese;ja;1041
Kannada;kn;1099
Kashmiri;ks;1120
Kazakh;kk;1087
Khmer;km;1107
Konkani;;1111
Korean;ko;1042
Kyrgyz - Cyrillic;;1088
Lao;lo;1108
Latin;la;1142
Latvian;lv;1062
Lithuanian;lt;1063
Malay - Brunei;ms;2110
Malay - Malaysia;ms;1086
Malayalam;ml;1100
Maltese;mt;1082
Manipuri;;1112
Maori;mi;1153
Marathi;mr;1102
Mongolian;mn;2128
Mongolian;mn;1104
Nepali;ne;1121
Norwegian - Bokml;nb;1044
Norwegian - Nynorsk;nn;2068
Oriya;or;1096
Polish;pl;1045
Portuguese - Brazil;pt;1046
Portuguese - Portugal;pt;2070
Punjabi;pa;1094
Raeto-Romance;rm;1047
Romanian - Moldova;ro;2072
Romanian - Romania;ro;1048
Russian;ru;1049
Russian - Moldova;ru;2073
Sami Lappish;;1083
Sanskrit;sa;1103
Serbian - Cyrillic;sr;3098
Serbian - Latin;sr;2074
Sesotho (Sutu);;1072
Setsuana;tn;1074
Sindhi;sd;1113
"Sinhala; Sinhalese";si;1115
Slovak;sk;1051
Slovenian;sl;1060
Somali;so;1143
Sorbian;sb;1070
Spanish - Argentina;es;11274
Spanish - Bolivia;es;16394
Spanish - Chile;es;13322
Spanish - Colombia;es;9226
Spanish - Costa Rica;es;5130
Spanish - Dominican Republic;es;7178
Spanish - Ecuador;es;12298
Spanish - El Salvador;es;17418
Spanish - Guatemala;es;4106
Spanish - Honduras;es;18442
Spanish - Mexico;es;2058
Spanish - Nicaragua;es;19466
Spanish - Panama;es;6154
Spanish - Paraguay;es;15370
Spanish - Peru;es;10250
Spanish - Puerto Rico;es;20490
Spanish - Spain (Traditional);es;1034
Spanish - Uruguay;es;14346
Spanish - Venezuela;es;8202
Swahili;sw;1089
Swedish - Finland;sv;2077
Swedish - Sweden;sv;1053
Syriac;;1114
Tajik;tg;1064
Tamil;ta;1097
Tatar;tt;1092
Telugu;te;1098
Thai;th;1054
Tibetan;bo;1105
Tsonga;ts;1073
Turkish;tr;1055
Turkmen;tk;1090
Ukrainian;uk;1058
Unicode;;0
Urdu;ur;1056
Uzbek - Cyrillic;uz;2115
Uzbek - Latin;uz;1091
Venda;;1075
Vietnamese;vi;1066
Welsh;cy;1106
Xhosa;xh;1076
Yiddish;yi;1085
Zulu;zu;1077
